// Jest Snapshot v1, https://goo.gl/fbAQLP

exports[`ProductTotals Component it matches the snapshot 1`] = `
Array [
  <h6
    className="MuiTypography-root makeStyles-root-1 MuiTypography-body1"
  >
    Total Price
    :
     
    <small
      className="makeStyles-small-2"
    >
      $
      500.00
    </small>
  </h6>,
  <h6
    className="MuiTypography-root makeStyles-root-1 MuiTypography-body1"
  >
    Average Price
    :
     
    <small
      className="makeStyles-small-2"
    >
      $
      100.00
    </small>
  </h6>,
]
`;
